// Jest Snapshot v1, https://goo.gl/fbAQLP

exports[`BasketPage page it should render 1`] = `
<div>
  <UNDEFINED />
</div>
`;
